// Jest Snapshot v1, https://goo.gl/fbAQLP

exports[`<JoinGame /> renders the component 1`] = `
<ContextConsumer>
  <Component />
</ContextConsumer>
`;
